MPLINK 4.35, Linker
Linker Map File - Created Fri Oct 01 13:06:43 2010

                                 Section Info
                  Section       Type    Address   Location Size(Bytes)
                ---------  ---------  ---------  ---------  ---------
             Reset_Vector       code   0x000000    program   0x000002
                   .cinit    romdata   0x000002    program   0x000002
             HIGH_INT_VEC       code   0x000008    program   0x000004
              LOW_INT_VEC       code   0x000018    program   0x00004a
                    .code       code   0x000100    program   0x00046c



                              Program Memory Usage 
                               Start         End      
                           ---------   ---------      
                            0x000000    0x000003      
                            0x000008    0x00000b      
                            0x000018    0x000061      
                            0x000100    0x00056b      
            1214 out of 33048 program addresses used, program memory utilization is 3%



                              Symbols - Sorted by Name
                     Name    Address   Location    Storage File                     
                ---------  ---------  ---------  --------- ---------                
                   AD_ISR   0x00044c    program     static C:\FireBee\MLAB\firebee1\firebee1.asm
                      FEB   0x000526    program     static C:\FireBee\MLAB\firebee1\firebee1.asm
                 HLVD_ISR   0x000424    program     static C:\FireBee\MLAB\firebee1\firebee1.asm
                  HLVD_LE   0x00043c    program     static C:\FireBee\MLAB\firebee1\firebee1.asm
              INT_HANDLER   0x000018    program     static C:\FireBee\MLAB\firebee1\firebee1.asm
               KALT_START   0x000100    program     static C:\FireBee\MLAB\firebee1\firebee1.asm
                LADESTROM   0x0001d2    program     static C:\FireBee\MLAB\firebee1\firebee1.asm
             LS_OFF_POWER   0x0001da    program     static C:\FireBee\MLAB\firebee1\firebee1.asm
              LS_ON_POWER   0x0001d6    program     static C:\FireBee\MLAB\firebee1\firebee1.asm
                     MAIN   0x00019e    program     static C:\FireBee\MLAB\firebee1\firebee1.asm
                    MAIN2   0x0001ae    program     static C:\FireBee\MLAB\firebee1\firebee1.asm
         MEHR_ALS_28_TAGE   0x000520    program     static C:\FireBee\MLAB\firebee1\firebee1.asm
         MEHR_ALS_30_TAGE   0x00054c    program     static C:\FireBee\MLAB\firebee1\firebee1.asm
                  MINUTEN   0x0004fa    program     static C:\FireBee\MLAB\firebee1\firebee1.asm
               NEXT_MONTH   0x000532    program     static C:\FireBee\MLAB\firebee1\firebee1.asm
                 NON_SYNC   0x0003d2    program     static C:\FireBee\MLAB\firebee1\firebee1.asm
                NOT_APRIL   0x000554    program     static C:\FireBee\MLAB\firebee1\firebee1.asm
                  NOT_FEB   0x000546    program     static C:\FireBee\MLAB\firebee1\firebee1.asm
                 NOT_JUNI   0x00055c    program     static C:\FireBee\MLAB\firebee1\firebee1.asm
                  NOT_SEP   0x000564    program     static C:\FireBee\MLAB\firebee1\firebee1.asm
                  NO_PROG   0x0003ac    program     static C:\FireBee\MLAB\firebee1\firebee1.asm
                    PINGS   0x000486    program     static C:\FireBee\MLAB\firebee1\firebee1.asm
                   PINGS2   0x0004aa    program     static C:\FireBee\MLAB\firebee1\firebee1.asm
                    PINGW   0x000498    program     static C:\FireBee\MLAB\firebee1\firebee1.asm
                POWER_AUS   0x0001c2    program     static C:\FireBee\MLAB\firebee1\firebee1.asm
                POWER_EIN   0x0001b4    program     static C:\FireBee\MLAB\firebee1\firebee1.asm
              POWER_OFF_I   0x00046a    program     static C:\FireBee\MLAB\firebee1\firebee1.asm
             POWER_OFF_I2   0x000478    program     static C:\FireBee\MLAB\firebee1\firebee1.asm
           PROGRAM_MEMORY   0x00039a    program     static C:\FireBee\MLAB\firebee1\firebee1.asm
                  RESETEN   0x000256    program     static C:\FireBee\MLAB\firebee1\firebee1.asm
                  RTC_ISR   0x000450    program     static C:\FireBee\MLAB\firebee1\firebee1.asm
                   RX_ISR   0x000288    program     static C:\FireBee\MLAB\firebee1\firebee1.asm
                  RX_ISR1   0x0002a4    program     static C:\FireBee\MLAB\firebee1\firebee1.asm
                  RX_ISR2   0x0002b0    program     static C:\FireBee\MLAB\firebee1\firebee1.asm
                  RX_ISR3   0x0002c8    program     static C:\FireBee\MLAB\firebee1\firebee1.asm
                  RX_ISR4   0x0002f6    program     static C:\FireBee\MLAB\firebee1\firebee1.asm
                  RX_ISR5   0x000304    program     static C:\FireBee\MLAB\firebee1\firebee1.asm
                  RX_ISR6   0x000312    program     static C:\FireBee\MLAB\firebee1\firebee1.asm
                  RX_ISR7   0x000350    program     static C:\FireBee\MLAB\firebee1\firebee1.asm
                  RX_ISR8   0x0003b0    program     static C:\FireBee\MLAB\firebee1\firebee1.asm
                  RX_ISR9   0x0003bc    program     static C:\FireBee\MLAB\firebee1\firebee1.asm
                 RX_RB3B2   0x000334    program     static C:\FireBee\MLAB\firebee1\firebee1.asm
                RX_RB3BOK   0x000322    program     static C:\FireBee\MLAB\firebee1\firebee1.asm
                 RX_SYNC2   0x0003d8    program     static C:\FireBee\MLAB\firebee1\firebee1.asm
                 RX_SYNC3   0x0003ea    program     static C:\FireBee\MLAB\firebee1\firebee1.asm
                 RX_SYNC4   0x0003fc    program     static C:\FireBee\MLAB\firebee1\firebee1.asm
            RX_SYNC_START   0x0003c0    program     static C:\FireBee\MLAB\firebee1\firebee1.asm
                 RX_WAIT1   0x000408    program     static C:\FireBee\MLAB\firebee1\firebee1.asm
                 RX_WAIT2   0x000410    program     static C:\FireBee\MLAB\firebee1\firebee1.asm
                 RX_WAIT3   0x000418    program     static C:\FireBee\MLAB\firebee1\firebee1.asm
               SCHALTJAHR   0x00052c    program     static C:\FireBee\MLAB\firebee1\firebee1.asm
                 SEKUNDEN   0x0004b0    program     static C:\FireBee\MLAB\firebee1\firebee1.asm
                    SEK_2   0x0004ca    program     static C:\FireBee\MLAB\firebee1\firebee1.asm
                    SEK_3   0x0004dc    program     static C:\FireBee\MLAB\firebee1\firebee1.asm
                    SEK_4   0x0004f0    program     static C:\FireBee\MLAB\firebee1\firebee1.asm
                  SEK_NPA   0x0004c4    program     static C:\FireBee\MLAB\firebee1\firebee1.asm
             SEND_RTC_REG   0x000232    program     static C:\FireBee\MLAB\firebee1\firebee1.asm
               SERIAL_OFF   0x0001de    program     static C:\FireBee\MLAB\firebee1\firebee1.asm
                SERIAL_ON   0x0001ea    program     static C:\FireBee\MLAB\firebee1\firebee1.asm
                  STUNDEN   0x000504    program     static C:\FireBee\MLAB\firebee1\firebee1.asm
   TAGE_UND_TAG_DER_WOCHE   0x00050e    program     static C:\FireBee\MLAB\firebee1\firebee1.asm
                    TASTE   0x000208    program     static C:\FireBee\MLAB\firebee1\firebee1.asm
                   TG_END   0x000250    program     static C:\FireBee\MLAB\firebee1\firebee1.asm
                    TG_JA   0x000222    program     static C:\FireBee\MLAB\firebee1\firebee1.asm
             TG_OFF_POWER   0x000248    program     static C:\FireBee\MLAB\firebee1\firebee1.asm
              TG_ON_POWER   0x00022c    program     static C:\FireBee\MLAB\firebee1\firebee1.asm
             TG_ON_POWER2   0x000238    program     static C:\FireBee\MLAB\firebee1\firebee1.asm
             TG_ON_POWER3   0x00023e    program     static C:\FireBee\MLAB\firebee1\firebee1.asm
                   TX_ISR   0x00025e    program     static C:\FireBee\MLAB\firebee1\firebee1.asm
                  TX_ISR1   0x000276    program     static C:\FireBee\MLAB\firebee1\firebee1.asm
                  TX_ISR2   0x000286    program     static C:\FireBee\MLAB\firebee1\firebee1.asm
            TX_ISR_FERTIG   0x00026e    program     static C:\FireBee\MLAB\firebee1\firebee1.asm
               WAIT_LVDOK   0x000434    program     static C:\FireBee\MLAB\firebee1\firebee1.asm
                   WARTEN   0x0001a8    program     static C:\FireBee\MLAB\firebee1\firebee1.asm
      WRITE_WORD_TO_HREGS   0x000390    program     static C:\FireBee\MLAB\firebee1\firebee1.asm
                     YEAR   0x00053e    program     static C:\FireBee\MLAB\firebee1\firebee1.asm



                              Symbols - Sorted by Address
                     Name    Address   Location    Storage File                     
                ---------  ---------  ---------  --------- ---------                
              INT_HANDLER   0x000018    program     static C:\FireBee\MLAB\firebee1\firebee1.asm
               KALT_START   0x000100    program     static C:\FireBee\MLAB\firebee1\firebee1.asm
                     MAIN   0x00019e    program     static C:\FireBee\MLAB\firebee1\firebee1.asm
                   WARTEN   0x0001a8    program     static C:\FireBee\MLAB\firebee1\firebee1.asm
                    MAIN2   0x0001ae    program     static C:\FireBee\MLAB\firebee1\firebee1.asm
                POWER_EIN   0x0001b4    program     static C:\FireBee\MLAB\firebee1\firebee1.asm
                POWER_AUS   0x0001c2    program     static C:\FireBee\MLAB\firebee1\firebee1.asm
                LADESTROM   0x0001d2    program     static C:\FireBee\MLAB\firebee1\firebee1.asm
              LS_ON_POWER   0x0001d6    program     static C:\FireBee\MLAB\firebee1\firebee1.asm
             LS_OFF_POWER   0x0001da    program     static C:\FireBee\MLAB\firebee1\firebee1.asm
               SERIAL_OFF   0x0001de    program     static C:\FireBee\MLAB\firebee1\firebee1.asm
                SERIAL_ON   0x0001ea    program     static C:\FireBee\MLAB\firebee1\firebee1.asm
                    TASTE   0x000208    program     static C:\FireBee\MLAB\firebee1\firebee1.asm
                    TG_JA   0x000222    program     static C:\FireBee\MLAB\firebee1\firebee1.asm
              TG_ON_POWER   0x00022c    program     static C:\FireBee\MLAB\firebee1\firebee1.asm
             SEND_RTC_REG   0x000232    program     static C:\FireBee\MLAB\firebee1\firebee1.asm
             TG_ON_POWER2   0x000238    program     static C:\FireBee\MLAB\firebee1\firebee1.asm
             TG_ON_POWER3   0x00023e    program     static C:\FireBee\MLAB\firebee1\firebee1.asm
             TG_OFF_POWER   0x000248    program     static C:\FireBee\MLAB\firebee1\firebee1.asm
                   TG_END   0x000250    program     static C:\FireBee\MLAB\firebee1\firebee1.asm
                  RESETEN   0x000256    program     static C:\FireBee\MLAB\firebee1\firebee1.asm
                   TX_ISR   0x00025e    program     static C:\FireBee\MLAB\firebee1\firebee1.asm
            TX_ISR_FERTIG   0x00026e    program     static C:\FireBee\MLAB\firebee1\firebee1.asm
                  TX_ISR1   0x000276    program     static C:\FireBee\MLAB\firebee1\firebee1.asm
                  TX_ISR2   0x000286    program     static C:\FireBee\MLAB\firebee1\firebee1.asm
                   RX_ISR   0x000288    program     static C:\FireBee\MLAB\firebee1\firebee1.asm
                  RX_ISR1   0x0002a4    program     static C:\FireBee\MLAB\firebee1\firebee1.asm
                  RX_ISR2   0x0002b0    program     static C:\FireBee\MLAB\firebee1\firebee1.asm
                  RX_ISR3   0x0002c8    program     static C:\FireBee\MLAB\firebee1\firebee1.asm
                  RX_ISR4   0x0002f6    program     static C:\FireBee\MLAB\firebee1\firebee1.asm
                  RX_ISR5   0x000304    program     static C:\FireBee\MLAB\firebee1\firebee1.asm
                  RX_ISR6   0x000312    program     static C:\FireBee\MLAB\firebee1\firebee1.asm
                RX_RB3BOK   0x000322    program     static C:\FireBee\MLAB\firebee1\firebee1.asm
                 RX_RB3B2   0x000334    program     static C:\FireBee\MLAB\firebee1\firebee1.asm
                  RX_ISR7   0x000350    program     static C:\FireBee\MLAB\firebee1\firebee1.asm
      WRITE_WORD_TO_HREGS   0x000390    program     static C:\FireBee\MLAB\firebee1\firebee1.asm
           PROGRAM_MEMORY   0x00039a    program     static C:\FireBee\MLAB\firebee1\firebee1.asm
                  NO_PROG   0x0003ac    program     static C:\FireBee\MLAB\firebee1\firebee1.asm
                  RX_ISR8   0x0003b0    program     static C:\FireBee\MLAB\firebee1\firebee1.asm
                  RX_ISR9   0x0003bc    program     static C:\FireBee\MLAB\firebee1\firebee1.asm
            RX_SYNC_START   0x0003c0    program     static C:\FireBee\MLAB\firebee1\firebee1.asm
                 NON_SYNC   0x0003d2    program     static C:\FireBee\MLAB\firebee1\firebee1.asm
                 RX_SYNC2   0x0003d8    program     static C:\FireBee\MLAB\firebee1\firebee1.asm
                 RX_SYNC3   0x0003ea    program     static C:\FireBee\MLAB\firebee1\firebee1.asm
                 RX_SYNC4   0x0003fc    program     static C:\FireBee\MLAB\firebee1\firebee1.asm
                 RX_WAIT1   0x000408    program     static C:\FireBee\MLAB\firebee1\firebee1.asm
                 RX_WAIT2   0x000410    program     static C:\FireBee\MLAB\firebee1\firebee1.asm
                 RX_WAIT3   0x000418    program     static C:\FireBee\MLAB\firebee1\firebee1.asm
                 HLVD_ISR   0x000424    program     static C:\FireBee\MLAB\firebee1\firebee1.asm
               WAIT_LVDOK   0x000434    program     static C:\FireBee\MLAB\firebee1\firebee1.asm
                  HLVD_LE   0x00043c    program     static C:\FireBee\MLAB\firebee1\firebee1.asm
                   AD_ISR   0x00044c    program     static C:\FireBee\MLAB\firebee1\firebee1.asm
                  RTC_ISR   0x000450    program     static C:\FireBee\MLAB\firebee1\firebee1.asm
              POWER_OFF_I   0x00046a    program     static C:\FireBee\MLAB\firebee1\firebee1.asm
             POWER_OFF_I2   0x000478    program     static C:\FireBee\MLAB\firebee1\firebee1.asm
                    PINGS   0x000486    program     static C:\FireBee\MLAB\firebee1\firebee1.asm
                    PINGW   0x000498    program     static C:\FireBee\MLAB\firebee1\firebee1.asm
                   PINGS2   0x0004aa    program     static C:\FireBee\MLAB\firebee1\firebee1.asm
                 SEKUNDEN   0x0004b0    program     static C:\FireBee\MLAB\firebee1\firebee1.asm
                  SEK_NPA   0x0004c4    program     static C:\FireBee\MLAB\firebee1\firebee1.asm
                    SEK_2   0x0004ca    program     static C:\FireBee\MLAB\firebee1\firebee1.asm
                    SEK_3   0x0004dc    program     static C:\FireBee\MLAB\firebee1\firebee1.asm
                    SEK_4   0x0004f0    program     static C:\FireBee\MLAB\firebee1\firebee1.asm
                  MINUTEN   0x0004fa    program     static C:\FireBee\MLAB\firebee1\firebee1.asm
                  STUNDEN   0x000504    program     static C:\FireBee\MLAB\firebee1\firebee1.asm
   TAGE_UND_TAG_DER_WOCHE   0x00050e    program     static C:\FireBee\MLAB\firebee1\firebee1.asm
         MEHR_ALS_28_TAGE   0x000520    program     static C:\FireBee\MLAB\firebee1\firebee1.asm
                      FEB   0x000526    program     static C:\FireBee\MLAB\firebee1\firebee1.asm
               SCHALTJAHR   0x00052c    program     static C:\FireBee\MLAB\firebee1\firebee1.asm
               NEXT_MONTH   0x000532    program     static C:\FireBee\MLAB\firebee1\firebee1.asm
                     YEAR   0x00053e    program     static C:\FireBee\MLAB\firebee1\firebee1.asm
                  NOT_FEB   0x000546    program     static C:\FireBee\MLAB\firebee1\firebee1.asm
         MEHR_ALS_30_TAGE   0x00054c    program     static C:\FireBee\MLAB\firebee1\firebee1.asm
                NOT_APRIL   0x000554    program     static C:\FireBee\MLAB\firebee1\firebee1.asm
                 NOT_JUNI   0x00055c    program     static C:\FireBee\MLAB\firebee1\firebee1.asm
                  NOT_SEP   0x000564    program     static C:\FireBee\MLAB\firebee1\firebee1.asm


